Looking in links: c:\Users\u60897\AppData\Local\Temp\tmpfqtdlvbt
Requirement already satisfied: setuptools in c:\blender\5.0\python\lib\site-packages (63.2.0)
Requirement already satisfied: pip in c:\blender\5.0\python\lib\site-packages (26.0.1)
Traceback (most recent call last):
  File "C:\Users\u60897\AppData\Roaming\Blender Foundation\Blender\5.0\scripts\addons\phobos\__init__.py", line 213, in register
    import_submodules(blender, verbose=True)
  File "C:\Users\u60897\AppData\Roaming\Blender Foundation\Blender\5.0\scripts\addons\phobos\__init__.py", line 209, in import_submodules
    results.update(import_submodules(full_name))
                   ^^^^^^^^^^^^^^^^^^^^^^^^^^^^
  File "C:\Users\u60897\AppData\Roaming\Blender Foundation\Blender\5.0\scripts\addons\phobos\__init__.py", line 205, in import_submodules
    results[full_name] = importlib.import_module(full_name)
                         ^^^^^^^^^^^^^^^^^^^^^^^^^^^^^^^^^^
  File "C:\Blender\5.0\python\Lib\importlib\__init__.py", line 126, in import_module
    return _bootstrap._gcd_import(name[level:], package, level)
           ^^^^^^^^^^^^^^^^^^^^^^^^^^^^^^^^^^^^^^^^^^^^^^^^^^^^
  File "<frozen importlib._bootstrap>", line 1204, in _gcd_import
  File "<frozen importlib._bootstrap>", line 1176, in _find_and_load
  File "<frozen importlib._bootstrap>", line 1147, in _find_and_load_unlocked
  File "<frozen importlib._bootstrap>", line 690, in _load_unlocked
  File "<frozen importlib._bootstrap_external>", line 940, in exec_module
  File "<frozen importlib._bootstrap>", line 241, in _call_with_frames_removed
  File "C:\Users\u60897\AppData\Roaming\Blender Foundation\Blender\5.0\scripts\addons\phobos\blender\operators\poses.py", line 16, in <module>
    import bgl
ModuleNotFoundError: No module named 'bgl'

During handling of the above exception, another exception occurred:

Traceback (most recent call last):
  File "C:\Blender\5.0\scripts\modules\addon_utils.py", line 515, in enable
    mod.register()
  File "C:\Users\u60897\AppData\Roaming\Blender Foundation\Blender\5.0\scripts\addons\phobos\__init__.py", line 238, in register
    raise ImportWarning(installation_finished_message)
ImportWarning: All Phobos requirements have been installed.
Please restart Blender to activate the Phobos add-on!
Parsing definitions from: C:\Users\u60897\AppData\Roaming\Blender Foundation\Blender\5.0\scripts\addons\phobos\data\blender\definitions
  defaultControllers.yml
  defaultJoints.yml
  defaultMaterials.yml
  defaultMotors.yml
  defaultSensors.yml
  defaultSubmechanisms.yml
Creating new definition type: joints
Creating new definition type: motors
Checking requirements:
  Checking yaml
  Checking numpy
  Checking scipy
  Checking pkg_resources
  Checking collada
  Checking pydot
  Checking lxml
  Checking networkx
  Checking trimesh
  Checking PIL
Importing phobos
RELOAD:  phobos.blender.defs
Parsing definitions from: C:\Users\u60897\AppData\Roaming\Blender Foundation\Blender\5.0\scripts\addons\phobos\data\blender\definitions
  defaultControllers.yml
  defaultJoints.yml
  defaultMaterials.yml
  defaultMotors.yml
  defaultSensors.yml
  defaultSubmechanisms.yml
Creating new definition type: joints
Creating new definition type: motors
RELOAD:  phobos.blender.display
RELOAD:  phobos.blender.io
RELOAD:  phobos.blender.model
RELOAD:  phobos.blender.operators
All Phobos requirements have been installed.
Please restart Blender to activate the Phobos add-on!
Exception in module register(): C:\Users\u60897\AppData\Roaming\Blender Foundation\Blender\5.0\scripts\addons\phobos\__init__.py
modules_path_in_syspath True
trimesh_spec ModuleSpec(name='trimesh', loader=<_frozen_importlib_external.SourceFileLoader object at 0x000002577233ABD0>, origin='C:\\Users\\u60897\\AppData\\Roaming\\Blender Foundation\\Blender\\5.0\\scripts\\modules\\trimesh\\__init__.py', submodule_search_locations=['C:\\Users\\u60897\\AppData\\Roaming\\Blender Foundation\\Blender\\5.0\\scripts\\modules\\trimesh'])
addon_boot_test
Blender 5.0.0 (hash a37564c4df7a built 2025-11-18 11:06:54)

Blender quit
